border_size=1
usage=map

Gs^Fds, Gs^Fds, Gs^Fds, Gs^Fds, Gs^Fds, Gs^Fds, Gs^Fds, Gs^Fds, Gs^Fds, Gs^Fds, Gs^Fds, Gs^Fds, Gs^Fds, Gs^Fds, Gs^Fds, Gs^Fds, Gs^Fds, Gs^Fds, Gs^Fds, Gs^Fds, Gs^Fds, Gs^Fds, Re, Gs^Fds, Gs^Fds, Gs^Fds, Gs^Fds, Gs^Fds, Gs^Fds, Gs^Fds, Gs^Fds, Gs^Fds, Gs^Fds, Gs^Fds, Gs^Fds, Gs^Fds, Gs^Fds, Gs^Fds, Gs^Fds, Gs^Fds, Gs^Fds, Gs^Fds, Gs^Fds, Gs^Fds, Gs^Fds, Gs^Fds
Gs^Fds, Gs^Fds, Gs^Fds, Gs^Fds, Gs^Fds, Gs^Fds, Gs^Fds, Gs^Fds, Gs^Fds, Gs^Fds, Gs^Fds, Gs^Fds, Gs^Fds, Gs^Fds, Gs^Fds, Gs^Fds, Gs^Fds, Gs^Fds, Gs^Fds, Gs^Fds, Gs^Fds, Re, Gs^Fds, Gs^Fds, Gs^Fds, Gs^Fds, Gs^Fds, Gs^Fds, Gs^Fds, Gs^Fds, Gs^Fds, Gs^Fds, Gs^Fds, Gs^Fds, Gs^Fds, Gs^Fds, Gs^Fds, Gs^Fds, Gs^Fds, Gs^Fds, Gs^Fds, Gs^Fds, Gs^Fds, Gs^Fds, Gs^Fds, Gs^Fds
Gs^Fds, Gs^Fds, Gs^Fds, Gs^Fds, Gs^Fds, Gs^Fds, Gs^Fds, Gs^Fds, Gs^Fds, Gs^Fds, Gs^Fds, Gs^Fds, Gs^Fds, Gg^Ve, Gs^Fds, Gs^Fds, Gs^Fds, Gs^Fds, Gs^Fds, Gs^Fds, Gs^Fds, Re, Gs^Fds, Gs^Fds, Gs^Fds, Gs^Fds, Gg^Ve, Gs^Fds, Gs^Fds, Gs^Fds, Gs^Fds, Gs^Fds, Gs^Fds, Gs^Fds, Gs^Fds, Gs^Fds, Gs^Fds, Gs^Fds, Gs^Fds, Gs^Fds, Gg, Gs^Fds, Gs^Fds, Gs^Fds, Gs^Fds, Gs^Fds
Gs^Fds, Gs^Fds, Gs^Fds, Gs^Fds, Gs^Fds, Gs^Fds, Gs^Fds, Gs^Fds, Gs^Fds, Gs^Fds, Gs^Fds, Gs^Fds, Gs^Fds, Gs^Fds, Gs^Fds, Gs^Fds, Gs^Fds, Gs^Fds, Gs^Fds, Gs^Fds, Gs^Fds, Re, Gs^Fds, Gs^Fds, Gs^Fds, Gs^Fds, Gs^Fds, Gs^Fds, Gs^Fds, Gs^Fds, Gs^Fds, Gs^Fds, Gs^Fds, Gs^Fds, Gs^Fds, Gs^Fds, Gs^Fds, Gs^Fds, Gs^Fds, Gs^Fds, Gs^Fds, Gs^Fds, Gs^Fds, Gs^Fds, Gs^Fds, Gs^Fds
Gs^Fds, Gs^Fds, Gs^Fds, Gs^Fds, Gg, Gs^Fds, Gs^Fds, Gs^Fds, Gs^Fds, Gs^Fds, Gs^Fds, Gs^Fds, Gs^Fds, Gs^Fds, Gs^Fds, Gs^Fds, Gs^Fds, Gs^Fds, Gs^Fds, Gs^Fds, Gs^Fds, Re, Gs^Fds, Gs^Fds, Gs^Fds, Gs^Fds, Hh^Fds, Hh^Fds, Hh, Hh^Fds, Hh^Fds, Gs^Fds, Hh^Fds, Gs^Fds, Gs^Fds, Gs^Fds, Gs^Fds, Gs^Fds, Gs^Fds, Gs^Fds, Gs^Fds, Gs^Fds, Gg, Gs^Fds, Gg, Gg
Gs^Fds, Gs^Fds, Gs^Fds, Gs^Fds, Gg^Ve, Gs^Fds, Gs^Fds, Gs^Fds, Gs^Fds, Gs^Fds, Gs^Fds, Gs^Fds, Gs^Fds, Gs^Fds, Gs^Fds, Gs^Fds, Gs^Fds, Gs^Fds, Gs^Fds, Gs^Fds, Re, Re, Gs^Fds, Gs^Fds, Gs^Fds, Hh^Fds, Hh^Fds, Hh, Hh^Fds, Hh^Fds, Hh^Fds, Hh^Fds, Gs^Fds, Gs^Fds, Gg^Ve, Gs^Fds, Gs^Fds, Gs^Fds, Gs^Fds, Gs^Fds, Gs^Fds, Gg, Gs^Fds, Gg, Gs^Fds, Gg
Gs^Fds, Gs^Fds, Gs^Fds, Gs^Fds, Gs^Fds, Gs^Fds, Gs^Fds, Gs^Fds, Gs^Fds, Gs^Fds, Gs^Fds, Gs^Fds, Gs^Fds, Gs^Fds, Gs^Fds, Gs^Fds, Gs^Fds, Gs^Fds, Gs^Fds, Re, Gs^Fds, Gs^Fds, Gs^Fds, Gs^Fds, Gs^Fds, Gs^Fds, Gs^Fds, Hh^Fds, Gs^Fds, Gs^Fds, Gs^Fds, Gs^Fds, Gg, Gs^Fds, Gs^Fds, Gs^Fds, Gs^Fds, Gs^Fds, Gs^Fds, Gs^Fds, Gg, Gg, Gg, Gs^Fds, Gg, Gg
Gs^Fds, Gs^Fds, Gs^Fds, Gs^Fds, Gs^Fds, Gs^Fds, Gs^Fds, Gs^Fds, Gs^Fds, Gg, Gs^Fds, Gs^Fds, Gs^Fds, Gs^Fds, Gs^Fds, Gs^Fds, Gs^Fds, Gs^Fds, Gs^Fds, Re, Gs^Fds, Gs^Fds, Gs^Fds, Gs^Fds, Gs^Fds, Gs^Fds, Gs^Fds, Gs^Fds, Gs^Fds, Gs^Fds, Gs^Fds, Gs^Fds, Gs^Fds, Gs^Fds, Gs^Fds, Gs^Fds, Gs^Fds, Gs^Fds, Gs^Fds, Gg, Gs^Fds, Gs^Fds, Gg, Gg, Gg, Gg
Gs^Fds, Gg, Gs^Fds, Gs^Fds, Gs^Fds, Gs^Fds, Gs^Fds, Gs^Fds, Gs^Fds, Gs^Fds, Gs^Fds, Gs^Fds, Gg^Ve, Gs^Fds, Gs^Fds, Gs^Fds, Gs^Fds, Gs^Fds, Gs^Fds, Rp, Rp, Gs^Fds, Gs^Fds, Gs^Fds, Gs^Fds, Gg^Ve, Gs^Fds, Gs^Fds, Gs^Fds, Gs^Fds, Gs^Fds, Gs^Fds, Gs^Fds, Gs^Fds, Gs^Fds, Gg, Gs^Fds, Gg, Gg, Gg, Gg, Gg, Gg, Gg, Gg, Gg
Gs^Fds, Gs^Fds, Gg, Gs^Fds, Gs^Fds, Gg, Gg, Gs^Fds, Gs^Fds, Gs^Fds, Gs^Fds, Gs^Fds, Gs^Fds, Gs^Fds, Gs^Fds, Gs^Fds, Gs^Fds, Gs^Fds, Gs^Fds, Gs^Fds, Gs^Fds, Rp, Gs^Fds, Gs^Fds, Gs^Fds, Gs^Fds, Gs^Fds, Gs^Fds, Gs^Fds, Gs^Fds, Gs^Fds, Gs^Fds, Gg, Gg, Gg, Gg, Gg, Gg, Gs^Fds, Gg, Gg, Gg, Gg, Gg, Gg, Gg
Gg, Gs^Fds, Gs^Fds, Gg, Gs^Fds, Gs^Fds, Gs^Fds, Gs^Fds, Gg, Gg, Gs^Fds, Gs^Fds, Gs^Fds, Gs^Fds, Gs^Fds, Gs^Fds, Gs^Fds, Gs^Fds, Gs^Fds, Gs^Fds, Gs^Fds, Rp, Gs^Fds, Gs^Fds, Gs^Fds, Gs^Fds, Gs^Fds, Gs^Fds, Gs^Fds, Gs^Fds, Gs^Fds, Gs^Fds, Gg, Gs^Fds, Gg, Gs^Fds, Gg, Gg, Gg, Gg, Gg, Gg, Gg, Gg, Gg, Gg
Gg, Gs^Fds, Gg, Gs^Fds, Gg, Gg, Gg, Gs^Fds, Gs^Fds, Gs^Fds, Hh^Fds, Gs^Fds, Gs^Fds, Gs^Fds, Gs^Fds, Gs^Fds, Gs^Fds, Gs^Fds, Cv, Gs^Fds, Gs^Fds, Rp, Gs^Fds, Gs^Fds, Gs^Fds, Gs^Fds, Gs^Fds, Gg, Gs^Fds, Gs^Fds, Gs^Fds, Gs^Fds, Gg, Gg, Gg, Gs^Fds, Gg, Gg, Gg, Gg, Gg, Gg, Gg, Gs^Fds, Gs^Fds, Gs^Fds
Gg, Gg, Gg, Gs^Fds, Gg, Gs^Fds, Gg, Gg, Gg, Gs^Fds, Hh^Fds, Hh, Gs^Fds, Gs^Fds, Gs^Fds, Gs^Fds, Cv, Gg^Efm, Gg^Ve, Gs^Fds, Rp, Rp, Gs^Fds, Gs^Fds, Gs^Fds, Gs^Fds, Gs^Fds, Gs^Fds, Gs^Fds, Gs^Fds, Gs^Fds, Gs^Fds, Gg, Gg, Gg, Gg, Gg, Gg, Re, Re, Gg, Gg, Gs^Fds, Gs^Fds, Gs^Fds, Gs^Fds
Gg, Gg, Gs^Fds, Gg, Gg, Gs^Fds, Gg, Gg, Gs^Fds, Gs^Fds, Gs^Fds, Hh, Gs^Fds, Gs^Fds, Gs^Fds, Gs^Fds, Gs^Fds, Gg^Efm, Rp, Rp, Gs^Fds, Rp, Gs^Fds, Gs^Fds, Cv, Gs^Fds, Gg^Efm, Gs^Fds, Gs^Fds, Gs^Fds, Gs^Fds, Gg, Gs^Fds, Gg, Gg, Gs^Fds, Gg, Gg, Gg, Gg, Gg, Gg, Gg, Gg, Gg, Gs^Fds
Gg, Gg, Gg, Gg, Gs^Fds, Gs^Fds, Gg, Gg, Gg, Gs^Fds, Gs^Fds, Hh^Fds, Hh^Fds, Gs^Fds, Gs^Fds, Gs^Fds, Gs^Fds, Rp, Cv, Cv, Cv, Rp, Rp, Gs^Fds, Gg^Ve, Gg^Efm, Gg^Efm, Gs^Fds, Gs^Fds, Gs^Fds, Gs^Fds, Gg, Re, Gs^Fds, Re, Gg, Gg, Gg, Gg, Gg, Gg, Gg, Gg, Gg, Gg, Gs^Fds
Gg, Gg, Gg, Gg, Gg, Gg, Gg, Gg, Gs^Fds, Gg, Gg, Gs^Fds, Gs^Fds, Gs^Fds, Gs^Fds, Gs^Fds, Gg^Ve, Rp, Cv, 1 Kv, Cv, Rp, Gg^Fet, Rp, Gs^Fds, Gs^Fds, Gs^Fds, Gg, Gs^Fds, Gs^Fds, Gg, Gg, Gg, Re, Gg, Gg, Gg, Gg, Gg, Gg, Ww, Gg, Ww, Ww, Ww, Gg
Gg, Gg, Gg, Gg, Gg, Gg, Gg, Gg, Gg, Gs^Fds, Gs^Fds, Gs^Fds, Gg, Gs^Fds, Gg^Efm, Cv, Gs^Fds, Rp, Rp, Cv, Gg^Efm, Rp, Rp, Rp, Rp, Gg^Efm, Gg, Gg, Re, Re, Gs^Fds, Gg, Gg, Gg, Gg, Gg, Gg, Re, Gg, Ww, Ww, Ww, Ww^Ewf, Ww, Ww, Ww
Gg, Gg, Gg, Gg, Gg, Gg, Gg, Gs^Fds, Gg, Gg, Gg, Gg, Gg, Gs^Fds, Gg^Efm, Gg^Efm, Gg^Efm, Gs^Fds, Rp, Gg^Ve, Rp, Rp, Gg^Efm, Gs^Fds, Gg^Ve, Gs^Fds, Gg, Gg, Gs^Fds, Gg, Gg, Gg, Ww, Ww, Ww, Gg, Ww, Ww, Wwrg, Ww, Ww, Ww^Ewl, Ww, Ww, Gg, Gg
Gg, Gg, Gg, Gg, Gg, Gg, Gg, Gg, Gg, Gg, Gg, Gg, Gg, Gg, Gs^Fds, Gg^Efm, Gs^Fds, Gs^Fds, Gg^Ve, Rp, Cv, Rp, Cv, Gs^Fds, Ww^Ewf, Cv, Ww, Ww, Ww, Ww, Ww, Ww, Ww, Ww, Ww, Ww^Ewl, Ww, Ww, Ww, Wwrg^Bw\r, Gg, Ww, Gg, Gg, Gg, Gg
Ww, Gg, Gg, Gg, Gg, Gg, Ww, Gg, Ww, Gg, Gg, Gg, Gg, Gg, Gg, Gg, Cv, Gs^Fds, Ww^Ewf, Gs^Fds, Ww, Rp, Ww^Ewl, Gs^Fds, Ww, Ww, Ww, Ww, Ww^Ewl, Ww, Ww, Ww^Ewf, Ww, Ww, Ww, Ww, Gg, Ww, Gg, Gg, Gg, Gg, Gg, Gg, Gg, Gg
Ww, Ww, Ww, Gg, Ww, Ww, Ww, Ww, Ww, Ww, Ww, Ww, Wwf, Wwf, Ww, Ww, Ww, Ww, Ww, Ww, Ww, Ww^Bw|, Ww, Ww, Ww, Ww, Ww, Ww, Ww, Ww, Ww, Ww, Gg, Gg, Gg, Gg, Gg, Gg, Gg, Gg, Gg, Re, Re, Re, Gg^Eff, Gg
Ww, Ww, Ww, Ww, Ww, Ww, Ww, Ww, Ww, Ww, Ww, Ww, Wwf, Wwf, Ww, Ww, Ww, Ww, Ww, Ww, Ww, Ww^Bw|, Ww, Ww, Ww, Ww, Gg, Gg, Gg, Gg, Gg, Gg, Gg, Gg, Gg, Gg, Gg, Gg, Gg, Gg, Gg, Gg, Gg^Gvs, Gg^Gvs, Gg^Gvs, Gg^Eff
Ww, Ww, Ww, Ww^Ewf, Ww, Ww, Ww, Gg, Gg, Ww, Ww, Ww, Wwf, Wwf, Gg, Ww, Gg, Ww, Gg, Gg, Gg, Re, Gg, Gs^Vh, Gg, Gg, Gg, Gg, Gg, Gg, Gg, Gg, Gg, Gg, Gg, Gg, Gg, Gg, Gg, Gg, Gg, Gg^Gvs, Gg^Gvs, Gg^Gvs, Gg^Eff, Gg^Eff
Gg, Gg, Ww, Ww, Gg, Gg, Gg, Gg, Gg, Gg, Gg^Eff, Gg, Gg, Gg, Gg, Gg, Gg, Gg, Gg, Gg, Re, Re, Gg, Gg, Gg, Gg, Gg, Gg, Gg, Gg, Gg, Gg, Gg, Gg, Gg, Gg, Gg, Gg, Gg, Gg, Re, Gs^Vh, Gg, Gg, Gg, Gg
Gg, Gg, Gg, Gg, Gg, Gg, Gg, Gg, Gg^Eff, Gg^Eff, Gg^Gvs, Gg^Eff, Gg^Eff, Gg, Gg, Gg, Gg, Gg, Gg, Gg, Re, Gg, Gg, Gg, Gg, Gg, Gg, Gg, Gg, Gg, Gg^Eff, Gg^Eff, Gg^Eff, Gg, Gg, Gg, Gg, Gg, Gg, Gg, Re, Gg, Gg, Gg, Gg, Gg
Gg, Gg, Gg, Gg, Gg, Gg, Gg, Gg^Eff, Gg^Eff, Gg^Gvs, Gg^Gvs, Gg^Gvs, Gg, Gg, Gg, Gg, Gg, Gg, Gg, Gg, Rd, Gg, Gg, Gg, Gg, Gg, Gg, Gg, Gg^Eff, Gg^Eff, Gg^Gvs, Gg^Gvs, Gg^Gvs, Gg^Eff, Gg, Gg, Gg, Gg, Re, Re, Gg, Gg, Gg, Gg, Gg, Gg
Gg, Gg, Gg, Gg, Gg, Gg, Gg^Eff, Gg^Eff, Gg^Gvs, Gg^Eff, Gg^Eff, Gg, Gg, Gs^Vh, Gg, Gg, Gg, Gg, Hh^Fds, Gg, Hh, Rd, Rd, Gg, Gg, Gg, Gg, Gg^Eff, Gg^Eff, Gg^Gvs, Gg^Gvs, Gg^Gvs, Gg, Gg, Gg, Gg, Gg, Gg, Re, Gg, Gg, Gg, Gg, Gg, Gg, Gg
Gg, Gg, Gg, Gg, Gg, Gg, Gg, Gg^Gvs, Gg^Gvs, Gg^Gvs, Gg^Eff, Gg^Eff, Re, Re, Gg, Gg, Gg, Gg, Hh^Fds, Hh, Mm, Hh^Vhh, Hh, Rd, Gg, Gg, Gg, Gg, Gg, Gg^Eff, Gg, Gg, Gs^Vh, Gg, Re, Gg, Gg, Re, Gg^Wm, Re, Gg, Gg, Gg, Gg, Gg, Gg
Gg, Gg, Gg, Gg, Gg, Gg, Gs^Vh, Gg, Gg, Gg^Eff, Re, Re, Gg, Gg, Gg, Gg, Gg, Gg, Hh^Fds, Mm, Mm, Mm, Hh^Fds, Rd, Gg, Gg, Gg, Gg, Gg, Gg, Gg, Gg, Gg, Re, Gg, Re, Re, Re, Re, Re, Gg, Gg, Gg^Eff, Gg, Gg, Gg
Gg, Gg, Gg, Gg, Gg, Gg, Gg, Re, Re, Re, Gg, Gg, Ce, Gg, Gg, Gg, Gg, Hh^Fds, Hh, Mm, Hh^Fds, Hh^Fds, Gg, Rd, Gg, Gg, Gg, Gg, Gg, Gg, Gg, Gg, Gg, Gg, Gg, Gg, Gg, Gg, Re, Gg, Gg^Eff, Gg^Eff, Gg^Gvs, Gg^Eff, Gg^Eff, Gg
Gg, Gg, Gg, Gg, Gg, Gg, Gg, Gg, Gg, Gg, Gg, Gg, Ce, Gg, Gg, Gg, Gg, Hh^Fds, Gg, Gs^Vh, Gg, Gg, Rd, Rd, Gg, Gg, Gg, Gg, Gg, Gg, Gg, Gg, Gg, Gg, Gg, Gg, Gg, Re, Gg^Eff, Gg^Eff, Gg^Gvs, Gg^Gvs, Gg^Gvs, Gg^Gvs, Gg, Gg
Gg, Gg, Gg, Gg, Gg, Gg, Gg, Gg, Gg, Gg, Gg, Ce, 3 Ke, Gg, Ce, Gg, Gg, Gg, Gg, Gg, Gg, Rd, Gg, Gg, Gg, Gg, Gg, Gg, Ce, Gg, Ce, Gg, Gg, Gg, Gg, Gg, Gg, Re, Re, Gg^Eff, Gg^Eff, Gg^Gvs, Gs^Vh, Gg, Gg, Gg
Gg, Gg, Gg, Gg, Gg, Gg, Gg, Gg, Gg, Gg, Gg, Ce, Ce, Ce, Gg, Gg, Gg, Gg, Gg, Gg, Gg, Rd, Gg, Gg, Gg, Gg, Gg, Gg, Ce, 2 Ke, Ce, Ce, Gg, Gg, Gg, Gg, Gg, Gg, Gg, Re, Re, Gg, Re, Gg, Gg, Gg
Gg, Gg, Gg, Gg, Gg, Gg, Gg, Gg, Gg, Gg, Gg, Gg, Gg, Gg, Gg, Gg, Gg, Gg, Gg, Gg, Gg, Rd, Gg, Gg, Gg, Gg, Gg, Gg, Gg, Ce, Gg, Gg, Gg, Gg, Gg, Gg, Gg, Gg, Gg, Gg, Gg, Re, Gg, Gg, Gg, Gg
Gg, Gg, Gg, Gg, Gg, Gg, Gg, Gg, Gg, Gg, Gg, Gg, Gg, Gg, Gg, Gg, Gg, Gg, Gg, Gg, Gg, Rd, Gg, Gg, Gg, Gg, Gg, Gg, Gg, Gg, Gg, Gg, Gg, Gg, Gg, Gg, Gg, Gg, Gg, Gg, Gg, Gg, Gg, Gg, Gg, Gg
