Xos, Xos, Xos, Xos, Xos, Xos, Xos, Xos, Xos, Xos, Xos, Xos, Xos, Xos, Xos, Xos, Xos, Xos, Xos, Xos, Xos
Xos, Xos, Xos, Xos, Xos, Xos, Xos, Xos, Xos, Xos, Urb, Xos, Xos, Xos, Xos, Xos, Xos, Xos, Xos, Xur, Xos
Xos, Xos, Xos, Xos, Xos, Xos, Xos, Xos, Xos, Urb, Urb, Urb, Xos, Xos, Xos, Xos, Xos, Xos, Xos, Xos, Xos
Xos, Xos, Xos, Xos, Xos, Xos, Xos, Xos, Cud^Ii, Urb, Kud, Urb, Cud^Ii, Xos, Xos, Xos, Xos, Xos, Xos, Xos, Xos
Xos, Xos, Xos, Xos, Xos, Xos, Xos, Cud, Urb, Cud, Qxu, Cud, Urb, Cud, Xos, Xos, Xos, Xos, Xos, Xos, Xos
Xos, Xos, Xos, Xos, Cud, Xos, Rr^Pr|o, Urb, Cud, Qxu^Bs\, Urb^Ii, Qxu^Bs/, Cud, Urb, Rr^Pr|o, Xos, Cud, Xos, Xos, Xos, Xos
Xos, Xos, Xos, Xos, Cud, Urb, Urb, Xos, Kud, Qxu, Qxu^Bs|, Qxu, Kud, Xos, Urb, Urb, Cud, Xos, Xos, Xos, Xos
Xos, Xos, Xos, Xos, 4 Kud, Urb, Urb, Urb, Qxu, Cud, Urb, Cud, Qxu, Urb, Urb, Urb, 3 Kud, Xos, Xos, Xos, Xos
Xos, Xos, Xos, Xos, Xos, Cud, Qxu, Qxu^Bcx\, Urb, Urb, Urb, Urb, Urb, Qxu^Bcx/, Qxu, Cud, Xos, Xos, Xos, Xos, Xos
Xos, Xos, Xos, Xos, Xos, Xos, Xos, Urb, Urb, Urb, Urb, Urb, Urb, Urb, Xos, Xos, Xos, Xos, Xos, Xos, Xos
Xos, Xos, Xos, Xos, Xos, Xos, Xos, Xos, Xos, Cud, 1 Urb, Cud, Xos, Xos, Xos, Xos, Xos, Xos, Xos, Xos, Xos
Xos, Xos, Xos, Xos, Xos, Xos, Xos, Xos, Xos, Urb, Urb, Urb, Xos, Xos, Xos, Xos, Xos, Xos, Xos, Xos, Xos
Xos, Xos, Xos, Xos, Xos, Xos, Xos, Xos, Xos, Urb, Ur, Urb, Xos, Xos, Xos, Xos, Xos, Xos, Xos, Xos, Xos
