Gd^Fdw, Gd^Fdw, Gd^Fdw, Gd^Fdw, Hhd^Fdw, Gd^Fdw, Hhd^Fdw, Gd^Fdw, Gd^Fdw, Gd^Fdw, Gd^Fdw, Gd^Fdw, Hhd^Fdw, Gd^Fdw, Hhd^Fdw, Gd^Fdw, Gd^Fdw, Gd^Fdw, Gd^Fmw, Hhd^Fmw, Hhd^Fmw, Gll^Fp, Gll^Fp, Gd^Fdw, Gd^Fmw, Gd^Fdw, Gd^Fmw, Gd^Fdw, Gd^Fdw, Gd^Fdw, Gd^Fdw, Gd^Fdw, Gd^Fdw
Wwf^Es, 1 Gd^Fdw, 4 Gd^Fdw, 5 Hhd^Fdw, Gd^Fdw, Hhd^Fdw, Hhd^Fdw, Hhd^Fdw, Gd^Fdw, Hhd^Fdw, Hhd^Fmw, Hhd^Fmw, Hhd^Fmw, Gd^Fdw, Hhd^Fmw, Gd^Fdw, Hhd^Fmw, Hhd^Fmw, Hhd^Fmw, Gd^Fmw, Gd^Fmw, Gll^Fp, Gd^Fmw, Gll^Fp, Gd^Fmw, Gd^Fmw, Gd^Fmw, Gd^Fmw, Gd^Fmw, Gd^Fmw, Gd^Fmw, Gd^Fdw, Gd^Fmw
Wwrg, 2 Wwf^Es, Gd^Fdw, Gd, Gd^Fdw, Hhd^Fdw, Hhd, Hhd^Fdw, Hhd, Hhd, Hhd, Hhd, Gd^Fdw, Hhd, Hhd, Hhd, Hhd, Hhd, Hhd, Gd^Fmw, Gll^Fp, Gll^Fp, Gll^Fp, Gd^Fmw, Gll^Fp, Gd^Fmw, Gll^Fp, Gd^Fmw, Gll^Fp, Gd^Fmw, Gll^Fp, Gd^Fmw, Gd^Fmw
Wwg^Es, Wwg^Es, Ww, Gd^Fdw, Gd^Fdw, Gd^Es, Gd, Gd, Gd, Gd, Gd^Fdw, Gd^Fdw, Gd^Fdw, Hhd, Gd, Gd, Gd, Gd, Gd, Gd, Rp^Dr, Gd, Gd, Gd, Gd, Gd^Fmw, Gd^Fdw, Gll^Fp, Gd^Fmw, Gll^Fp, Gll^Fp, Gll^Em, Gd^Fmw
Gd, Ww, Ww^Es, Ww, Gd^Fdw, Gd, Gd^Fdw, Gd, Gd, Gd, Gd^Fdw, Gd^Fdw, Gd^Fdw, Gd^Fdw, Gd^Fdw, Gd, Gd^Fmw, Gd, Gd^Es, Gd, Gd, Rp, Gd, Gd, Rr, Rr, Rr, Rr, Rr, Rr^Dr, Rr, Gll^Fp, Rr
Gd^Fdw, Ww, Ww, Ww, Ww, Gll^Fp, Gll^Fp, Gll^Fp, Gd^Fmw, Gll^Fp, Hhd^Fmw, Gll^Fp, Gd^Fmw, Gll^Fp, Gd^Fmw, Gll^Fp, Gd^Fmw, Gll^Fp, Gd^Fmw, Gll^Fp, Gd^Fmw, Rp, Rr, Rr, Gd^Em, Gd^Fmw, Rr^Dr, Gd^Fmw, Gd^Fmw, Rr, Gd^Fmw, Rr, Gd^Fdw
Gll^Fp, Gd^Fdw, Ww, Ww, Ww^Es, Ww, Gd^Fmw, Gd^Fmw, Hhd^Fmw, Hhd^Fmw, Hhd^Fmw, Gd^Fmw, Gd^Fmw, Gd^Fmw, Gd^Fmw, Kvr, Gd^Fmw, Re^Dr, Gd^Fmw, Gll^Fp, Rr, Rr, Rp, Gd^Dr, Gd^Fmw, Gd^Fmw, Gd^Fmw, Gd^Fmw, Gll^Fp, Gd^Fmw, Gd^Fmw, Gd^Fmw, Gd^Fdw
Gll^Fp, Gd^Fdw, Gd^Fdw, Ww^Es, Ww, Ww, Ww^Es, Gd^Fdw, Hhd^Fmw, Hhd^Fdw, Hhd, Re^Dr, Rp, Gd^Fetd, Gd^Fmw, Cvr^Fetd, Gd, Re, Re^Dr, Rr, Gd, Gd^Fmw, Rp^Dr, Rp, Gll^Fp, Gd^Fmw, Gd^Fdw, Gd^Fmw, Gd^Fmw, Hhd^Fp, Gd^Fmw, Gd^Fmw, Gd^Fmw
Gd^Fmw, Hhd, Gd^Fdw, Ww, Ww^Es, Wo^Es, Wwr, Wwr, Gd^Fdw, Hhd^Fmw, Rp, Rp, Re^Dr, Rp, Rp^Dr, Gd, Gd^Fmw, Gd^Fmw, Rr, Rr, Gd^Fdw, Gd^Fmw, Gd^Efm, Rp, Rp, Gd^Fmw, Gd^Fmw, Gd^Fmw, Gd^Dr, Gd^Fmw, Gd^Fmw, Gd^Fmw, Gd^Fmw
Gd^Fdw, Gll^Fp, Gd^Fdw, Ww^Es, Ww^Es, Wwr, Wo^Es, Wo^Es, Ww^Es, Ww^Es, Rp, Gd^Fmw, Gll^Fp, Rp, Rp, Rp, Rr, Rr, Gd^Em, Gd^Fmw, Gd^Fmw, Gd^Fmw, Gd^Fmw, Gll^Fp, Gd^Fmw, Rr^Dr, Rp, Gd, Gd^Em, Gd^Fmw, Gd^Fmw, Gd^Fmw, Gd^Fmw
Gd^Fdw, Gd^Fdw, Gd^Fmw, Hhd^Fdw, Gd^Fdw, Gd^Fdw, Ww^Es, Wo^Es, Ww^Bw/, Ww^Bw/, Gd^Fdw, Gd^Fmw, Gll^Fp, Gll^Fp, Gd^Fmw, Gd^Fmw, Rr, Gd, Gd^Fmw, Gd^Fmw, Gll^Fp, Hhd^Fmw, Ss, Gd^Fdw, Gd^Fmw, Gd, Gd, Rp, Gd, Gd^Gvs, Gd^Fmw, Gd^Fmw, Gd^Fmw
Rrc^Dr, Gd^Fdw, Gd^Fdw, Gd^Fdw, Gd^Fdw, Gd^Fdw, Wwg^Es, Wwr^Bw|, Wo^Es, Wo^Es, Ww^Es, Gd^Fmw, Gd^Fmw, Gd^Fmw, Gd^Fdw, Cvr^Fetd, Wwr^Es, Cvr^Fetd, Ww, Gd^Fmw, Gd^Fmw, Gll^Fp, Hhd^Fmw, Gd^Fmw, Gd^Dr, Gd, Gd, Gd^Fetd, Gd, Kvr, Hhd^Fmw, Gd^Fmw, Gd^Fmw
Gd^Fdw, Hhd, Gd^Fmw, Hhd, Hhd^Fmw, Sm, Rp, Rp, Ww^Es, Wo^Es, Wwr, Wwr, Cvr, Ww, Ww, Ww, Wwr^Es, Ww, Ww, Ww, Cvr, Gd^Fmw, Gd^Fmw, Gd^Fmw, Gd^Efm, Gd, Gd^Fmw, Rp, Rp, Cvr^Fetd, Hhd^Fmw, Hhd^Fmw, Gd^Fmw
Gd^Fdw, Gd^Fdw, Gd^Fdw, Gd^Fdw, Gd^Fdw, Gd^Fdw, Rp, Gd^Fdw, Ww^Es, Wwr, Wo^Es, Wo^Es, Ww, Ww, Ww, Cv^Fet, Rrc, Cv^Fet, Ww, Ww, Ww, Gd^Fdw, Gd^Fmw, Gll^Fp, Gd^Fmw, Gd^Fmw, Gd^Fmw, Gll^Fp, Rp, Gll^Fp, Gd^Fmw, Hhd^Fmw, Gd^Fdw
Gll^Fp, Gd^Fdw, Cvr^Fetd, Kvr, Gd, Rp, Re^Dr, Gd^Fdw, Gd^Fdw, Gd^Fdw, Ww, Wo, Ww, Ww, Cv, Cv, Rrc, Cv, Cv, Ww, Ww, Ww, Cvr, Gd^Fmw, Gd^Fmw, Gd^Em, Gd^Fdw, Gd, Rp^Dr, Gd^Gvs, Gd^Gvs, Gd^Fmw, Gd^Fdw
Gll^Fp, Gll^Fp, Gd^Fdw, Gd, Gd^Fetd, Rp, Re^Gvs, Re^Gvs, Re, Cvr, Ww, Ww, Cv^Fet, Cv, 3 Kv, Gg^Ve, Rrc, Gg^Ve, Kv, Cv, Cv^Fet, Ww, Ww, Gd^Fmw, Gd^Fmw, Gd^Fmw, Gd^Fp, Gd^Fmw, Rp, Gd^Fmw, Gd^Fmw, Gd^Fmw, Gd^Fdw
Gd^Fdw, Gd^Fdw, Gd^Dr, Gd, Rp, Rp, Gd^Dr, Re^Gvs, Re, Ww, Ww^Es, Ww, Ww^Ewf, Cv, Gg^Ve, Rrc, Gg^Fet, Rrc, Gg^Ve, Cv, Ww^Ewf, Ww, Ww, Ww, Gd^Fmw, Sm, Rp, Rp, Gd^Fdw, Gd^Fmw, Hhd^Fmw, Gd^Fmw, Gd^Fdw
Hhd, Gd^Fdw, Gd^Efm, Rp, Sm, Sm, Gd^Fdw, Gd^Fdw, Gd^Fdw, Ww, Ww, Ww, Ww^Ewf, Gg^Fet, Gg^Ve, Wwr^Bw|, Ww^Ewf, Wwr^Bw|, Gg^Ve, Gg^Fet, Ww^Ewf, Ww, Ww, Ww, Gd^Fmw, Gd^Fp, Rp^Dr, Gd^Fmw, Gd^Fmw, Gd^Fmw, Hhd^Fmw, Hhd^Fmw, Gd^Fdw
Gd^Fdw, Gd^Fdw, Rp, Rp, Gd^Fdw, Sm, Gd^Fdw, Gd^Fdw, Gd^Fdw, Gd^Fdw, Ww, Ww, Cv^Fet, Cv, Kv, Rrc, Rrc, Rrc, Kv, Cv, Cv^Fet, Ww, Ww, Cvr, Hhd^Fdw, Gd^Fmw, Gd^Fmw, Rp, Gll^Fp, Gll^Fp, Gd^Fmw, Gd^Fmw, Gd^Gvs
Hhd^Fmw, Hhd^Fp, Rp, Gd^Fdw, Gd^Fmw, Gd^Fdw, Gd^Fdw, Gd^Fmw, Gd^Fdw, Gd^Fdw, Ww, Ww, Ww, Cv, Cv, Gg^Ve, Rrc, Gg^Ve, Cv, Cv, Ww, Ww, Wwf^Es, Gd^Fdw, Gd^Fmw, Gll^Fp, Gd^Fmw, Rp, Rp, Gd^Fmw, Gd^Gvs, Gd^Gvs, Gd^Gvs
Hhd^Fp, Re^Gvs, Rp, Gll^Fp, Gd^Fdw, Gd^Fdw, Gd^Fmw, Md, Gd^Fdw, Gd^Fdw, Gd^Fdw, Cvr, Ww, Ww, Ww, Cv, Rrc, Cv, Ww, Ww, Wwf^Es, Cvr, Ww, Gd^Fdw, Gd^Fmw, Gd^Fmw, Gd^Fmw, Gd^Dr, Rp, Rp^Dr, Gd^Fmw, Gd^Gvs, Gd^Gvs
Re^Gvs, Re^Dr, Rp, Gll^Fp, Gd^Fdw, Gd^Fdw, Gd^Fdw, Gd^Fdw, Gd^Fdw, Gd^Fdw, Gd^Fdw, Gd^Fdw, Ww, Ww, Ww, Cv^Fet, Wwr^Es, Cv^Fet, Ww, Ww, Wwf^Es, Wo^Es, Ww, Wwr, Gd^Fdw, Ww^Es, Rp, Rp, Hhd^Fp, Gd^Fmw, Gd^Fmw, Gd^Fmw, Gd^Fdw
Gd^Fdw, Re^Gvs, Gd^Fdw, Rp, Rp, Rp, Rp, Gd^Fdw, Gd^Fdw, Hhd^Em, Gd^Fdw, Gd^Fdw, Gd^Fdw, Cvr, Ww, Ww, Wwr^Es, Ww, Ww, Gd^Fdw, Ww^Es, Wwr, Wo, Wo^Es, Wwr, Ww^Es, Wwr^Bw|, Ww^Es, Gd^Fdw, Gd^Fmw, Gd^Fmw, Gd^Fmw, Gd^Fdw
Hhd, Gd^Fmw, Hhd, Gd^Fdw, Gd^Fdw, Gd^Fdw, Rp, Gd^Dr, Gd^Fdw, Gd^Fdw, Hhd, Gll^Fp, Rp, Gd^Fdw, Gd^Fdw, Cvr^Fetd, Rr, Cvr^Fetd, Gd^Fdw, Gd^Fdw, Gd^Fdw, Gd^Fdw, Ww^Es, Wwr, Wo, Wo, Wo^Bw|, Wo^Es, Wwr, Ww^Es, Ww, Gd^Fmw, Gd^Fdw
Gll^Fp, Gd^Fdw, Hhd^Fdw, Hhd^Fdw, Rp, Rp, Gd^Fdw, Rp, Rp, Rp, Rp, Gd^Dr, Re^Gvs, Rp, Rp, Gd^Fdw, Rr, Gd^Fdw, Hhd^Fdw, Hhd^Fdw, Gd^Fdw, Wwf, Gd^Fdw, Gd^Vhs, Ww^Bw/, Ww^Bw/, Ww^Es, Wwr, Wo^Es, Wo^Es, Ww, Wwr, Wo^Es
Gd^Fdw, Hhd^Fdw, Gd^Fdw, Gd^Fdw, Rp, Sm, Gd^Fdw, Hhd, Gd^Fdw, Gll^Fp, Gd^Fdw, Re^Gvs, Gd^Fdw, Gd^Fdw, Gd^Fdw, Rr, Gd^Fdw, Rp, Rp, Rp, Rp, Rp, Rp, Rp, Gd^Fdw, Gd^Fdw, Gd^Fdw, Gd^Fmw, Gd^Fdw, Gd^Vhs, Wwr, Wo, Wo^Es
Gd^Fdw, Gd^Fmw, Gd^Fdw, Gd^Dr, Gd^Fmw, Gd^Fdw, Gd^Fdw, Gd^Fdw, Gd^Fdw, Gd^Fdw, Gd^Fdw, Gd^Fmw, Gd^Fmw, Gd^Fdw, Gd^Fmw, Rr, Gd^Fdw, Gd^Fdw, Re^Dr, Gd^Fdw, Rb, Gd^Fdw, Gd^Fmw, Gd^Fdw, Gd^Fdw, Gd^Fdw, Gd^Fdw, Gd^Fdw, Gd^Fmw, Gd^Fdw, Gd^Fdw, Wwr, Wo
Gd^Fdw, Gd^Fmw, Gd^Fdw, Gd^Fdw, Gd^Fdw, Hhd^Fmw, Gd^Fdw, Hhd^Fmw, Hhd^Fmw, Gd^Fdw, Gd^Fdw, Gd^Fdw, Gd^Fdw, Gd^Fdw, Gd^Fdw, Rr, Gd^Fdw, Gd^Fdw, Gd^Fdw, Gd^Fmw, Rb, Gd^Fmw, Gd^Fmw, Gd^Fmw, Gd^Fmw, Gd^Fdw, Gd^Fdw, Gd^Fmw, Gd^Fmw, Gd^Fdw, Gd^Fdw, Gd^Fdw, Gd^Fdw
Gd^Fmw, Gd^Fmw, Hhd^Fmw, Hhd^Fmw, Hhd, Hhd, Hhd^Fmw, Hhd^Fmw, Hhd^Fmw, Hhd^Fmw, Gd^Fmw, Gd^Fmw, Gd^Fmw, Gd^Fmw, Gd^Fmw, Rr, Gd^Fmw, Gd^Fmw, Gd^Fmw, Gd^Fmw, Gd^Fmw, Rb, Gd^Fmw, Gd^Fmw, Gd^Fmw, Gd^Fmw, Gd^Fdw, Gd^Fmw, Hhd^Fmw, Gd^Fmw, Gd^Fmw, Gd^Fmw, Gd^Fmw
Gd^Fmw, Hhd^Fmw, Hhd^Fdw, Hhd^Fmw, Hhd, Hhd^Fdw, Hhd, Hhd^Fmw, Hhd^Fmw, Hhd^Fmw, Gd^Fdw, Gd^Fmw, Gd^Fmw, Gd^Fmw, Rr, Rr, Gd^Fmw, Gd^Fmw, Gd^Fdw, Gd^Fdw, Gd^Fmw, Rb, Rb, Gd^Dr, Gd^Fmw, Gd^Fmw, Gd^Fdw, Gd^Fmw, Hhd^Fdw, Hhd^Fdw, Hhd^Fdw, Gd^Fmw, Gd^Fmw
Gd^Fmw, Gd^Fmw, Hhd, Hhd, Mm, Mm, Mm, Hhd, Hhd^Fmw, Hhd^Fmw, Gd^Fmw, Gd^Fmw, Gd^Fmw, Rr, Gd^Fmw, Gd^Fmw, Gd^Fmw, Gd^Fdw, Gd^Fmw, Gd^Fmw, Gd^Efm, Gd^Efm, Rb, Gd^Fmw, Cvr^Fetd, Gd^Fmw, Gd^Fmw, Gd^Fdw, Hhd^Fdw, Hhd^Fdw, Hhd^Fmw, Hhd^Fmw, Gd^Fmw
Gd^Fmw, Gd^Fmw, Hhd^Fmw, Gd^Fmw, Hhd^Fmw, Mm^Vov, Hhd, Hhd^Fdw, Hhd^Fmw, Hhd^Fmw, Gd^Fmw, Gd^Fmw, Rr, Rr, Gd^Fdw, Gd^Fmw, Gd^Gvs, Gd^Gvs, Gd^Gvs, Gd^Fmw, Gd^Efm, Gd^Fetd, Rb, Kvr, Gd^Gvs, Gd^Gvs, Gd^Gvs, Gd^Fdw, Gd^Fmw, Hhd^Fmw, Gd^Fdw, Hhd^Fmw, Gd^Fmw
Gd^Fmw, Hhd^Fmw, Hhd^Fmw, Hhd^Fdw, Hhd^Fdw, Hhd, Hhd^Fmw, Gd^Fmw, Gd^Fmw, Gd^Fmw, Gd^Fmw, Gd^Fmw, Rr, Gd^Fmw, Gd^Fmw, Gd^Fdw, Gd^Fmw, Gd^Gvs, Gd^Dr, Rb, Rb, Rb, Gd, Rb, Rb, Gd^Gvs, Gd^Gvs, Gd^Gvs, Gd^Fdw, Gd^Fdw, Gd^Fdw, Gd^Fmw, Gd^Fmw
Gd^Fmw, Gd^Fmw, Gd^Fmw, Hhd^Fmw, Hhd^Fmw, Hhd^Fmw, Gd^Fmw, Hhd^Fmw, Gd^Fmw, Gd^Fmw, Gd^Fmw, Rr, Gd^Fmw, Gd^Fmw, Gd^Fmw, Gd^Fmw, Gd^Fmw, Gd^Fdw, Gd^Fmw, Gd^Fmw, Gd^Fmw, Gd, Gd^Fmw, Gd^Fmw, Gd^Fmw, Gd^Dr, Gd^Fmw, Gd^Fmw, Gd^Fmw, Gd^Fdw, Gd^Fmw, Gd^Fdw, Gd^Fmw
Gd^Fmw, Gd^Fmw, Gd^Fmw, Hhd^Fmw, Gd^Fmw, Gd^Fmw, Gd^Fmw, Gd^Fmw, Gd^Fmw, Gd^Fmw, Gd^Fmw, Rr, Gd^Fmw, Gd^Fdw, Gd^Fdw, Gd^Fdw, Gd^Fdw, Gd^Fmw, Gd^Fdw, Gd^Fmw, Gd^Fmw, Gd^Fmw, Gd^Fmw, Gd^Fmw, Gd^Fmw, Gd^Fmw, Gd^Fmw, Gd^Fmw, Gd^Fdw, Gd^Fdw, Gd^Fmw, Gd^Fmw, Gd^Fmw
Gd^Fmw, Gd^Fmw, Gd^Fmw, Gd^Fmw, Gd^Fmw, Gd^Fmw, Gd^Fmw, Gd^Fmw, Gd^Fmw, Gd^Fmw, Rrc, Rr, Gd^Fmw, Gd^Fdw, Gd^Fmw, Gd^Fdw, Gd^Fdw, Gd^Fdw, Gd^Fdw, Gd^Fmw, Gd^Fmw, Gd^Fmw, Gd^Fmw, Gd^Fmw, Gd^Fmw, Gd^Fmw, Gd^Fmw, Gd^Fdw, Gd^Fdw, Gd^Fdw, Gd^Fdw, Gd^Fmw, Gd^Fmw
